
Error [ERR_IPC_DISCONNECTED]: IPC channel is already disconnected
    at ChildProcess.target.disconnect (internal/child_process.js:832:26)
    at QueryProcessWrapper.destroy (/mnt/e/Work/showdown-bot/Pokemon-Showdown/.lib-dist/process-manager.js:151:16)
    at QueryProcessWrapper.release (/mnt/e/Work/showdown-bot/Pokemon-Showdown/.lib-dist/process-manager.js:137:9)
    at QueryProcessManager.releaseCrashed (/mnt/e/Work/showdown-bot/Pokemon-Showdown/.lib-dist/process-manager.js:394:16)
    at ChildProcess.<anonymous> (/mnt/e/Work/showdown-bot/Pokemon-Showdown/.lib-dist/process-manager.js:441:48)
    at ChildProcess.emit (events.js:315:20)
    at ChildProcess.EventEmitter.emit (domain.js:482:12)
    at finish (internal/child_process.js:861:14)
    at processTicksAndRejections (internal/process/task_queues.js:79:11)

Error [ERR_IPC_DISCONNECTED]: IPC channel is already disconnected
    at ChildProcess.target.disconnect (internal/child_process.js:832:26)
    at QueryProcessWrapper.destroy (/mnt/e/Work/showdown-bot/Pokemon-Showdown/.lib-dist/process-manager.js:151:16)
    at QueryProcessWrapper.release (/mnt/e/Work/showdown-bot/Pokemon-Showdown/.lib-dist/process-manager.js:137:9)
    at QueryProcessManager.releaseCrashed (/mnt/e/Work/showdown-bot/Pokemon-Showdown/.lib-dist/process-manager.js:394:16)
    at ChildProcess.<anonymous> (/mnt/e/Work/showdown-bot/Pokemon-Showdown/.lib-dist/process-manager.js:441:48)
    at ChildProcess.emit (events.js:315:20)
    at ChildProcess.EventEmitter.emit (domain.js:482:12)
    at finish (internal/child_process.js:861:14)
    at processTicksAndRejections (internal/process/task_queues.js:79:11)

Error [ERR_IPC_DISCONNECTED]: IPC channel is already disconnected
    at ChildProcess.target.disconnect (internal/child_process.js:832:26)
    at QueryProcessWrapper.destroy (/mnt/e/Work/showdown-bot/Pokemon-Showdown/.lib-dist/process-manager.js:151:16)
    at QueryProcessWrapper.release (/mnt/e/Work/showdown-bot/Pokemon-Showdown/.lib-dist/process-manager.js:137:9)
    at QueryProcessManager.releaseCrashed (/mnt/e/Work/showdown-bot/Pokemon-Showdown/.lib-dist/process-manager.js:394:16)
    at ChildProcess.<anonymous> (/mnt/e/Work/showdown-bot/Pokemon-Showdown/.lib-dist/process-manager.js:441:48)
    at ChildProcess.emit (events.js:315:20)
    at ChildProcess.EventEmitter.emit (domain.js:482:12)
    at finish (internal/child_process.js:861:14)
    at processTicksAndRejections (internal/process/task_queues.js:79:11)

Error [ERR_IPC_DISCONNECTED]: IPC channel is already disconnected
    at ChildProcess.target.disconnect (internal/child_process.js:832:26)
    at QueryProcessWrapper.destroy (/mnt/e/Work/showdown-bot/Pokemon-Showdown/.lib-dist/process-manager.js:151:16)
    at QueryProcessWrapper.release (/mnt/e/Work/showdown-bot/Pokemon-Showdown/.lib-dist/process-manager.js:137:9)
    at QueryProcessManager.releaseCrashed (/mnt/e/Work/showdown-bot/Pokemon-Showdown/.lib-dist/process-manager.js:394:16)
    at ChildProcess.<anonymous> (/mnt/e/Work/showdown-bot/Pokemon-Showdown/.lib-dist/process-manager.js:441:48)
    at ChildProcess.emit (events.js:315:20)
    at ChildProcess.EventEmitter.emit (domain.js:482:12)
    at finish (internal/child_process.js:861:14)
    at processTicksAndRejections (internal/process/task_queues.js:79:11)

Error [ERR_IPC_DISCONNECTED]: IPC channel is already disconnected
    at ChildProcess.target.disconnect (internal/child_process.js:832:26)
    at QueryProcessWrapper.destroy (/mnt/e/Work/showdown-bot/Pokemon-Showdown/.lib-dist/process-manager.js:151:16)
    at QueryProcessWrapper.release (/mnt/e/Work/showdown-bot/Pokemon-Showdown/.lib-dist/process-manager.js:137:9)
    at QueryProcessManager.releaseCrashed (/mnt/e/Work/showdown-bot/Pokemon-Showdown/.lib-dist/process-manager.js:394:16)
    at ChildProcess.<anonymous> (/mnt/e/Work/showdown-bot/Pokemon-Showdown/.lib-dist/process-manager.js:441:48)
    at ChildProcess.emit (events.js:315:20)
    at ChildProcess.EventEmitter.emit (domain.js:482:12)
    at finish (internal/child_process.js:861:14)
    at processTicksAndRejections (internal/process/task_queues.js:79:11)

Error [ERR_IPC_DISCONNECTED]: IPC channel is already disconnected
    at ChildProcess.target.disconnect (internal/child_process.js:832:26)
    at QueryProcessWrapper.destroy (/mnt/e/Work/showdown-bot/Pokemon-Showdown/.lib-dist/process-manager.js:151:16)
    at QueryProcessWrapper.release (/mnt/e/Work/showdown-bot/Pokemon-Showdown/.lib-dist/process-manager.js:137:9)
    at QueryProcessManager.releaseCrashed (/mnt/e/Work/showdown-bot/Pokemon-Showdown/.lib-dist/process-manager.js:394:16)
    at ChildProcess.<anonymous> (/mnt/e/Work/showdown-bot/Pokemon-Showdown/.lib-dist/process-manager.js:441:48)
    at ChildProcess.emit (events.js:315:20)
    at ChildProcess.EventEmitter.emit (domain.js:482:12)
    at finish (internal/child_process.js:861:14)
    at processTicksAndRejections (internal/process/task_queues.js:79:11)

Error [ERR_IPC_DISCONNECTED]: IPC channel is already disconnected
    at ChildProcess.target.disconnect (internal/child_process.js:832:26)
    at QueryProcessWrapper.destroy (/mnt/e/Work/showdown-bot/Pokemon-Showdown/.lib-dist/process-manager.js:151:16)
    at QueryProcessWrapper.release (/mnt/e/Work/showdown-bot/Pokemon-Showdown/.lib-dist/process-manager.js:137:9)
    at QueryProcessManager.releaseCrashed (/mnt/e/Work/showdown-bot/Pokemon-Showdown/.lib-dist/process-manager.js:394:16)
    at ChildProcess.<anonymous> (/mnt/e/Work/showdown-bot/Pokemon-Showdown/.lib-dist/process-manager.js:441:48)
    at ChildProcess.emit (events.js:315:20)
    at ChildProcess.EventEmitter.emit (domain.js:482:12)
    at finish (internal/child_process.js:861:14)
    at processTicksAndRejections (internal/process/task_queues.js:79:11)

Error [ERR_IPC_DISCONNECTED]: IPC channel is already disconnected
    at ChildProcess.target.disconnect (internal/child_process.js:832:26)
    at QueryProcessWrapper.destroy (/mnt/e/Work/showdown-bot/Pokemon-Showdown/.lib-dist/process-manager.js:151:16)
    at QueryProcessWrapper.release (/mnt/e/Work/showdown-bot/Pokemon-Showdown/.lib-dist/process-manager.js:137:9)
    at QueryProcessManager.releaseCrashed (/mnt/e/Work/showdown-bot/Pokemon-Showdown/.lib-dist/process-manager.js:394:16)
    at ChildProcess.<anonymous> (/mnt/e/Work/showdown-bot/Pokemon-Showdown/.lib-dist/process-manager.js:441:48)
    at ChildProcess.emit (events.js:315:20)
    at ChildProcess.EventEmitter.emit (domain.js:482:12)
    at finish (internal/child_process.js:861:14)
    at processTicksAndRejections (internal/process/task_queues.js:79:11)

Error [ERR_IPC_DISCONNECTED]: IPC channel is already disconnected
    at ChildProcess.target.disconnect (internal/child_process.js:832:26)
    at QueryProcessWrapper.destroy (/mnt/e/Work/showdown-bot/Pokemon-Showdown/.lib-dist/process-manager.js:151:16)
    at QueryProcessWrapper.release (/mnt/e/Work/showdown-bot/Pokemon-Showdown/.lib-dist/process-manager.js:137:9)
    at QueryProcessManager.releaseCrashed (/mnt/e/Work/showdown-bot/Pokemon-Showdown/.lib-dist/process-manager.js:394:16)
    at ChildProcess.<anonymous> (/mnt/e/Work/showdown-bot/Pokemon-Showdown/.lib-dist/process-manager.js:441:48)
    at ChildProcess.emit (events.js:315:20)
    at ChildProcess.EventEmitter.emit (domain.js:482:12)
    at finish (internal/child_process.js:861:14)
    at processTicksAndRejections (internal/process/task_queues.js:79:11)

Error [ERR_IPC_DISCONNECTED]: IPC channel is already disconnected
    at ChildProcess.target.disconnect (internal/child_process.js:832:26)
    at QueryProcessWrapper.destroy (/mnt/e/Work/showdown-bot/Pokemon-Showdown/.lib-dist/process-manager.js:151:16)
    at QueryProcessWrapper.release (/mnt/e/Work/showdown-bot/Pokemon-Showdown/.lib-dist/process-manager.js:137:9)
    at QueryProcessManager.releaseCrashed (/mnt/e/Work/showdown-bot/Pokemon-Showdown/.lib-dist/process-manager.js:394:16)
    at ChildProcess.<anonymous> (/mnt/e/Work/showdown-bot/Pokemon-Showdown/.lib-dist/process-manager.js:441:48)
    at ChildProcess.emit (events.js:315:20)
    at ChildProcess.EventEmitter.emit (domain.js:482:12)
    at finish (internal/child_process.js:861:14)
    at processTicksAndRejections (internal/process/task_queues.js:79:11)

Error [ERR_IPC_DISCONNECTED]: IPC channel is already disconnected
    at ChildProcess.target.disconnect (internal/child_process.js:832:26)
    at QueryProcessWrapper.destroy (/mnt/e/Work/showdown-bot/Pokemon-Showdown/.lib-dist/process-manager.js:151:16)
    at QueryProcessWrapper.release (/mnt/e/Work/showdown-bot/Pokemon-Showdown/.lib-dist/process-manager.js:137:9)
    at QueryProcessManager.releaseCrashed (/mnt/e/Work/showdown-bot/Pokemon-Showdown/.lib-dist/process-manager.js:394:16)
    at ChildProcess.<anonymous> (/mnt/e/Work/showdown-bot/Pokemon-Showdown/.lib-dist/process-manager.js:441:48)
    at ChildProcess.emit (events.js:315:20)
    at ChildProcess.EventEmitter.emit (domain.js:482:12)
    at finish (internal/child_process.js:861:14)
    at processTicksAndRejections (internal/process/task_queues.js:79:11)

Error [ERR_IPC_DISCONNECTED]: IPC channel is already disconnected
    at ChildProcess.target.disconnect (internal/child_process.js:832:26)
    at QueryProcessWrapper.destroy (/mnt/e/Work/showdown-bot/Pokemon-Showdown/.lib-dist/process-manager.js:151:16)
    at QueryProcessWrapper.release (/mnt/e/Work/showdown-bot/Pokemon-Showdown/.lib-dist/process-manager.js:137:9)
    at QueryProcessManager.releaseCrashed (/mnt/e/Work/showdown-bot/Pokemon-Showdown/.lib-dist/process-manager.js:394:16)
    at ChildProcess.<anonymous> (/mnt/e/Work/showdown-bot/Pokemon-Showdown/.lib-dist/process-manager.js:441:48)
    at ChildProcess.emit (events.js:315:20)
    at ChildProcess.EventEmitter.emit (domain.js:482:12)
    at finish (internal/child_process.js:861:14)
    at processTicksAndRejections (internal/process/task_queues.js:79:11)

Error [ERR_IPC_DISCONNECTED]: IPC channel is already disconnected
    at ChildProcess.target.disconnect (internal/child_process.js:832:26)
    at QueryProcessWrapper.destroy (/mnt/e/Work/showdown-bot/Pokemon-Showdown/.lib-dist/process-manager.js:151:16)
    at QueryProcessWrapper.release (/mnt/e/Work/showdown-bot/Pokemon-Showdown/.lib-dist/process-manager.js:137:9)
    at QueryProcessManager.releaseCrashed (/mnt/e/Work/showdown-bot/Pokemon-Showdown/.lib-dist/process-manager.js:394:16)
    at ChildProcess.<anonymous> (/mnt/e/Work/showdown-bot/Pokemon-Showdown/.lib-dist/process-manager.js:441:48)
    at ChildProcess.emit (events.js:315:20)
    at ChildProcess.EventEmitter.emit (domain.js:482:12)
    at finish (internal/child_process.js:861:14)
    at processTicksAndRejections (internal/process/task_queues.js:79:11)

Error [ERR_IPC_DISCONNECTED]: IPC channel is already disconnected
    at ChildProcess.target.disconnect (internal/child_process.js:832:26)
    at QueryProcessWrapper.destroy (/mnt/e/Work/showdown-bot/Pokemon-Showdown/.lib-dist/process-manager.js:151:16)
    at QueryProcessWrapper.release (/mnt/e/Work/showdown-bot/Pokemon-Showdown/.lib-dist/process-manager.js:137:9)
    at QueryProcessManager.releaseCrashed (/mnt/e/Work/showdown-bot/Pokemon-Showdown/.lib-dist/process-manager.js:394:16)
    at ChildProcess.<anonymous> (/mnt/e/Work/showdown-bot/Pokemon-Showdown/.lib-dist/process-manager.js:441:48)
    at ChildProcess.emit (events.js:315:20)
    at ChildProcess.EventEmitter.emit (domain.js:482:12)
    at finish (internal/child_process.js:861:14)
    at processTicksAndRejections (internal/process/task_queues.js:79:11)

Error [ERR_IPC_DISCONNECTED]: IPC channel is already disconnected
    at ChildProcess.target.disconnect (internal/child_process.js:832:26)
    at QueryProcessWrapper.destroy (/mnt/e/Work/showdown-bot/Pokemon-Showdown/.lib-dist/process-manager.js:151:16)
    at QueryProcessWrapper.release (/mnt/e/Work/showdown-bot/Pokemon-Showdown/.lib-dist/process-manager.js:137:9)
    at QueryProcessManager.releaseCrashed (/mnt/e/Work/showdown-bot/Pokemon-Showdown/.lib-dist/process-manager.js:394:16)
    at ChildProcess.<anonymous> (/mnt/e/Work/showdown-bot/Pokemon-Showdown/.lib-dist/process-manager.js:441:48)
    at ChildProcess.emit (events.js:315:20)
    at ChildProcess.EventEmitter.emit (domain.js:482:12)
    at finish (internal/child_process.js:861:14)
    at processTicksAndRejections (internal/process/task_queues.js:79:11)

Error [ERR_IPC_DISCONNECTED]: IPC channel is already disconnected
    at ChildProcess.target.disconnect (internal/child_process.js:832:26)
    at QueryProcessWrapper.destroy (/mnt/e/Work/showdownbot/Pokemon-Showdown/.lib-dist/process-manager.js:151:16)
    at QueryProcessWrapper.release (/mnt/e/Work/showdownbot/Pokemon-Showdown/.lib-dist/process-manager.js:137:9)
    at QueryProcessManager.releaseCrashed (/mnt/e/Work/showdownbot/Pokemon-Showdown/.lib-dist/process-manager.js:394:16)
    at ChildProcess.<anonymous> (/mnt/e/Work/showdownbot/Pokemon-Showdown/.lib-dist/process-manager.js:441:48)
    at ChildProcess.emit (events.js:315:20)
    at ChildProcess.EventEmitter.emit (domain.js:482:12)
    at finish (internal/child_process.js:861:14)
    at processTicksAndRejections (internal/process/task_queues.js:79:11)

Error [ERR_IPC_DISCONNECTED]: IPC channel is already disconnected
    at ChildProcess.target.disconnect (internal/child_process.js:832:26)
    at QueryProcessWrapper.destroy (/mnt/e/Work/showdownbot/Pokemon-Showdown/.lib-dist/process-manager.js:151:16)
    at QueryProcessWrapper.release (/mnt/e/Work/showdownbot/Pokemon-Showdown/.lib-dist/process-manager.js:137:9)
    at QueryProcessManager.releaseCrashed (/mnt/e/Work/showdownbot/Pokemon-Showdown/.lib-dist/process-manager.js:394:16)
    at ChildProcess.<anonymous> (/mnt/e/Work/showdownbot/Pokemon-Showdown/.lib-dist/process-manager.js:441:48)
    at ChildProcess.emit (events.js:315:20)
    at ChildProcess.EventEmitter.emit (domain.js:482:12)
    at finish (internal/child_process.js:861:14)
    at processTicksAndRejections (internal/process/task_queues.js:79:11)

Error [ERR_IPC_DISCONNECTED]: IPC channel is already disconnected
    at ChildProcess.target.disconnect (internal/child_process.js:832:26)
    at QueryProcessWrapper.destroy (/mnt/e/Work/showdownbot/Pokemon-Showdown/.lib-dist/process-manager.js:151:16)
    at QueryProcessWrapper.release (/mnt/e/Work/showdownbot/Pokemon-Showdown/.lib-dist/process-manager.js:137:9)
    at QueryProcessManager.releaseCrashed (/mnt/e/Work/showdownbot/Pokemon-Showdown/.lib-dist/process-manager.js:394:16)
    at ChildProcess.<anonymous> (/mnt/e/Work/showdownbot/Pokemon-Showdown/.lib-dist/process-manager.js:441:48)
    at ChildProcess.emit (events.js:315:20)
    at ChildProcess.EventEmitter.emit (domain.js:482:12)
    at finish (internal/child_process.js:861:14)
    at processTicksAndRejections (internal/process/task_queues.js:79:11)

Error [ERR_IPC_DISCONNECTED]: IPC channel is already disconnected
    at ChildProcess.target.disconnect (internal/child_process.js:832:26)
    at QueryProcessWrapper.destroy (/mnt/e/Work/showdownbot/Pokemon-Showdown/.lib-dist/process-manager.js:151:16)
    at QueryProcessWrapper.release (/mnt/e/Work/showdownbot/Pokemon-Showdown/.lib-dist/process-manager.js:137:9)
    at QueryProcessManager.releaseCrashed (/mnt/e/Work/showdownbot/Pokemon-Showdown/.lib-dist/process-manager.js:394:16)
    at ChildProcess.<anonymous> (/mnt/e/Work/showdownbot/Pokemon-Showdown/.lib-dist/process-manager.js:441:48)
    at ChildProcess.emit (events.js:315:20)
    at ChildProcess.EventEmitter.emit (domain.js:482:12)
    at finish (internal/child_process.js:861:14)
    at processTicksAndRejections (internal/process/task_queues.js:79:11)

Error [ERR_IPC_DISCONNECTED]: IPC channel is already disconnected
    at ChildProcess.target.disconnect (internal/child_process.js:832:26)
    at QueryProcessWrapper.destroy (/mnt/e/Work/showdownbot/Pokemon-Showdown/.lib-dist/process-manager.js:151:16)
    at QueryProcessWrapper.release (/mnt/e/Work/showdownbot/Pokemon-Showdown/.lib-dist/process-manager.js:137:9)
    at QueryProcessManager.releaseCrashed (/mnt/e/Work/showdownbot/Pokemon-Showdown/.lib-dist/process-manager.js:394:16)
    at ChildProcess.<anonymous> (/mnt/e/Work/showdownbot/Pokemon-Showdown/.lib-dist/process-manager.js:441:48)
    at ChildProcess.emit (events.js:315:20)
    at ChildProcess.EventEmitter.emit (domain.js:482:12)
    at finish (internal/child_process.js:861:14)
    at processTicksAndRejections (internal/process/task_queues.js:79:11)

Error [ERR_IPC_DISCONNECTED]: IPC channel is already disconnected
    at ChildProcess.target.disconnect (internal/child_process.js:832:26)
    at QueryProcessWrapper.destroy (/mnt/e/Work/showdownbot/Pokemon-Showdown/.lib-dist/process-manager.js:151:16)
    at QueryProcessWrapper.release (/mnt/e/Work/showdownbot/Pokemon-Showdown/.lib-dist/process-manager.js:137:9)
    at QueryProcessManager.releaseCrashed (/mnt/e/Work/showdownbot/Pokemon-Showdown/.lib-dist/process-manager.js:394:16)
    at ChildProcess.<anonymous> (/mnt/e/Work/showdownbot/Pokemon-Showdown/.lib-dist/process-manager.js:441:48)
    at ChildProcess.emit (events.js:315:20)
    at ChildProcess.EventEmitter.emit (domain.js:482:12)
    at finish (internal/child_process.js:861:14)
    at processTicksAndRejections (internal/process/task_queues.js:79:11)

Error [ERR_IPC_DISCONNECTED]: IPC channel is already disconnected
    at ChildProcess.target.disconnect (internal/child_process.js:832:26)
    at QueryProcessWrapper.destroy (/mnt/e/Work/showdownbot/Pokemon-Showdown/.lib-dist/process-manager.js:151:16)
    at QueryProcessWrapper.release (/mnt/e/Work/showdownbot/Pokemon-Showdown/.lib-dist/process-manager.js:137:9)
    at QueryProcessManager.releaseCrashed (/mnt/e/Work/showdownbot/Pokemon-Showdown/.lib-dist/process-manager.js:394:16)
    at ChildProcess.<anonymous> (/mnt/e/Work/showdownbot/Pokemon-Showdown/.lib-dist/process-manager.js:441:48)
    at ChildProcess.emit (events.js:315:20)
    at ChildProcess.EventEmitter.emit (domain.js:482:12)
    at finish (internal/child_process.js:861:14)
    at processTicksAndRejections (internal/process/task_queues.js:79:11)

Error [ERR_IPC_DISCONNECTED]: IPC channel is already disconnected
    at ChildProcess.target.disconnect (internal/child_process.js:832:26)
    at QueryProcessWrapper.destroy (/mnt/e/Work/showdownbot/Pokemon-Showdown/.lib-dist/process-manager.js:151:16)
    at QueryProcessWrapper.release (/mnt/e/Work/showdownbot/Pokemon-Showdown/.lib-dist/process-manager.js:137:9)
    at QueryProcessManager.releaseCrashed (/mnt/e/Work/showdownbot/Pokemon-Showdown/.lib-dist/process-manager.js:394:16)
    at ChildProcess.<anonymous> (/mnt/e/Work/showdownbot/Pokemon-Showdown/.lib-dist/process-manager.js:441:48)
    at ChildProcess.emit (events.js:315:20)
    at ChildProcess.EventEmitter.emit (domain.js:482:12)
    at finish (internal/child_process.js:861:14)
    at processTicksAndRejections (internal/process/task_queues.js:79:11)

Error [ERR_IPC_DISCONNECTED]: IPC channel is already disconnected
    at ChildProcess.target.disconnect (internal/child_process.js:832:26)
    at QueryProcessWrapper.destroy (/mnt/e/Work/showdownbot/Pokemon-Showdown/.lib-dist/process-manager.js:151:16)
    at QueryProcessWrapper.release (/mnt/e/Work/showdownbot/Pokemon-Showdown/.lib-dist/process-manager.js:137:9)
    at QueryProcessManager.releaseCrashed (/mnt/e/Work/showdownbot/Pokemon-Showdown/.lib-dist/process-manager.js:394:16)
    at ChildProcess.<anonymous> (/mnt/e/Work/showdownbot/Pokemon-Showdown/.lib-dist/process-manager.js:441:48)
    at ChildProcess.emit (events.js:315:20)
    at ChildProcess.EventEmitter.emit (domain.js:482:12)
    at finish (internal/child_process.js:861:14)
    at processTicksAndRejections (internal/process/task_queues.js:79:11)

Error [ERR_IPC_DISCONNECTED]: IPC channel is already disconnected
    at ChildProcess.target.disconnect (internal/child_process.js:832:26)
    at QueryProcessWrapper.destroy (/mnt/e/Work/showdownbot/Pokemon-Showdown/.lib-dist/process-manager.js:151:16)
    at QueryProcessWrapper.release (/mnt/e/Work/showdownbot/Pokemon-Showdown/.lib-dist/process-manager.js:137:9)
    at QueryProcessManager.releaseCrashed (/mnt/e/Work/showdownbot/Pokemon-Showdown/.lib-dist/process-manager.js:394:16)
    at ChildProcess.<anonymous> (/mnt/e/Work/showdownbot/Pokemon-Showdown/.lib-dist/process-manager.js:441:48)
    at ChildProcess.emit (events.js:315:20)
    at ChildProcess.EventEmitter.emit (domain.js:482:12)
    at finish (internal/child_process.js:861:14)
    at processTicksAndRejections (internal/process/task_queues.js:79:11)

Error [ERR_IPC_DISCONNECTED]: IPC channel is already disconnected
    at ChildProcess.target.disconnect (internal/child_process.js:832:26)
    at QueryProcessWrapper.destroy (/mnt/e/Work/showdownbot/Pokemon-Showdown/.lib-dist/process-manager.js:151:16)
    at QueryProcessWrapper.release (/mnt/e/Work/showdownbot/Pokemon-Showdown/.lib-dist/process-manager.js:137:9)
    at QueryProcessManager.releaseCrashed (/mnt/e/Work/showdownbot/Pokemon-Showdown/.lib-dist/process-manager.js:394:16)
    at ChildProcess.<anonymous> (/mnt/e/Work/showdownbot/Pokemon-Showdown/.lib-dist/process-manager.js:441:48)
    at ChildProcess.emit (events.js:315:20)
    at ChildProcess.EventEmitter.emit (domain.js:482:12)
    at finish (internal/child_process.js:861:14)
    at processTicksAndRejections (internal/process/task_queues.js:79:11)

Error [ERR_IPC_DISCONNECTED]: IPC channel is already disconnected
    at ChildProcess.target.disconnect (internal/child_process.js:832:26)
    at QueryProcessWrapper.destroy (/mnt/e/Work/showdownbot/Pokemon-Showdown/.lib-dist/process-manager.js:151:16)
    at QueryProcessWrapper.release (/mnt/e/Work/showdownbot/Pokemon-Showdown/.lib-dist/process-manager.js:137:9)
    at QueryProcessManager.releaseCrashed (/mnt/e/Work/showdownbot/Pokemon-Showdown/.lib-dist/process-manager.js:394:16)
    at ChildProcess.<anonymous> (/mnt/e/Work/showdownbot/Pokemon-Showdown/.lib-dist/process-manager.js:441:48)
    at ChildProcess.emit (events.js:315:20)
    at ChildProcess.EventEmitter.emit (domain.js:482:12)
    at finish (internal/child_process.js:861:14)
    at processTicksAndRejections (internal/process/task_queues.js:79:11)

Error [ERR_IPC_DISCONNECTED]: IPC channel is already disconnected
    at ChildProcess.target.disconnect (internal/child_process.js:832:26)
    at QueryProcessWrapper.destroy (/mnt/e/Work/showdownbot/Pokemon-Showdown/.lib-dist/process-manager.js:151:16)
    at QueryProcessWrapper.release (/mnt/e/Work/showdownbot/Pokemon-Showdown/.lib-dist/process-manager.js:137:9)
    at QueryProcessManager.releaseCrashed (/mnt/e/Work/showdownbot/Pokemon-Showdown/.lib-dist/process-manager.js:394:16)
    at ChildProcess.<anonymous> (/mnt/e/Work/showdownbot/Pokemon-Showdown/.lib-dist/process-manager.js:441:48)
    at ChildProcess.emit (events.js:315:20)
    at ChildProcess.EventEmitter.emit (domain.js:482:12)
    at finish (internal/child_process.js:861:14)
    at processTicksAndRejections (internal/process/task_queues.js:79:11)

Error [ERR_IPC_DISCONNECTED]: IPC channel is already disconnected
    at ChildProcess.target.disconnect (internal/child_process.js:832:26)
    at QueryProcessWrapper.destroy (/mnt/e/Work/showdownbot/Pokemon-Showdown/.lib-dist/process-manager.js:151:16)
    at QueryProcessWrapper.release (/mnt/e/Work/showdownbot/Pokemon-Showdown/.lib-dist/process-manager.js:137:9)
    at QueryProcessManager.releaseCrashed (/mnt/e/Work/showdownbot/Pokemon-Showdown/.lib-dist/process-manager.js:394:16)
    at ChildProcess.<anonymous> (/mnt/e/Work/showdownbot/Pokemon-Showdown/.lib-dist/process-manager.js:441:48)
    at ChildProcess.emit (events.js:315:20)
    at ChildProcess.EventEmitter.emit (domain.js:482:12)
    at finish (internal/child_process.js:861:14)
    at processTicksAndRejections (internal/process/task_queues.js:79:11)

Error [ERR_IPC_DISCONNECTED]: IPC channel is already disconnected
    at ChildProcess.target.disconnect (internal/child_process.js:832:26)
    at QueryProcessWrapper.destroy (/mnt/e/Work/showdownbot/Pokemon-Showdown/.lib-dist/process-manager.js:151:16)
    at QueryProcessWrapper.release (/mnt/e/Work/showdownbot/Pokemon-Showdown/.lib-dist/process-manager.js:137:9)
    at QueryProcessManager.releaseCrashed (/mnt/e/Work/showdownbot/Pokemon-Showdown/.lib-dist/process-manager.js:394:16)
    at ChildProcess.<anonymous> (/mnt/e/Work/showdownbot/Pokemon-Showdown/.lib-dist/process-manager.js:441:48)
    at ChildProcess.emit (events.js:315:20)
    at ChildProcess.EventEmitter.emit (domain.js:482:12)
    at finish (internal/child_process.js:861:14)
    at processTicksAndRejections (internal/process/task_queues.js:79:11)

Error [ERR_IPC_DISCONNECTED]: IPC channel is already disconnected
    at ChildProcess.target.disconnect (internal/child_process.js:832:26)
    at QueryProcessWrapper.destroy (/mnt/e/Work/showdownbot/Pokemon-Showdown/.lib-dist/process-manager.js:151:16)
    at QueryProcessWrapper.release (/mnt/e/Work/showdownbot/Pokemon-Showdown/.lib-dist/process-manager.js:137:9)
    at QueryProcessManager.releaseCrashed (/mnt/e/Work/showdownbot/Pokemon-Showdown/.lib-dist/process-manager.js:394:16)
    at ChildProcess.<anonymous> (/mnt/e/Work/showdownbot/Pokemon-Showdown/.lib-dist/process-manager.js:441:48)
    at ChildProcess.emit (events.js:315:20)
    at ChildProcess.EventEmitter.emit (domain.js:482:12)
    at finish (internal/child_process.js:861:14)
    at processTicksAndRejections (internal/process/task_queues.js:79:11)

Error [ERR_IPC_DISCONNECTED]: IPC channel is already disconnected
    at ChildProcess.target.disconnect (internal/child_process.js:832:26)
    at QueryProcessWrapper.destroy (/mnt/e/Work/showdownbot/Pokemon-Showdown/.lib-dist/process-manager.js:151:16)
    at QueryProcessWrapper.release (/mnt/e/Work/showdownbot/Pokemon-Showdown/.lib-dist/process-manager.js:137:9)
    at QueryProcessManager.releaseCrashed (/mnt/e/Work/showdownbot/Pokemon-Showdown/.lib-dist/process-manager.js:394:16)
    at ChildProcess.<anonymous> (/mnt/e/Work/showdownbot/Pokemon-Showdown/.lib-dist/process-manager.js:441:48)
    at ChildProcess.emit (events.js:315:20)
    at ChildProcess.EventEmitter.emit (domain.js:482:12)
    at finish (internal/child_process.js:861:14)
    at processTicksAndRejections (internal/process/task_queues.js:79:11)

Error [ERR_IPC_DISCONNECTED]: IPC channel is already disconnected
    at ChildProcess.target.disconnect (internal/child_process.js:832:26)
    at QueryProcessWrapper.destroy (/mnt/e/Work/showdownbot/Pokemon-Showdown/.lib-dist/process-manager.js:151:16)
    at QueryProcessWrapper.release (/mnt/e/Work/showdownbot/Pokemon-Showdown/.lib-dist/process-manager.js:137:9)
    at QueryProcessManager.releaseCrashed (/mnt/e/Work/showdownbot/Pokemon-Showdown/.lib-dist/process-manager.js:394:16)
    at ChildProcess.<anonymous> (/mnt/e/Work/showdownbot/Pokemon-Showdown/.lib-dist/process-manager.js:441:48)
    at ChildProcess.emit (events.js:315:20)
    at ChildProcess.EventEmitter.emit (domain.js:482:12)
    at finish (internal/child_process.js:861:14)
    at processTicksAndRejections (internal/process/task_queues.js:79:11)

Error [ERR_IPC_DISCONNECTED]: IPC channel is already disconnected
    at ChildProcess.target.disconnect (internal/child_process.js:832:26)
    at QueryProcessWrapper.destroy (/mnt/e/Work/showdownbot/Pokemon-Showdown/.lib-dist/process-manager.js:151:16)
    at QueryProcessWrapper.release (/mnt/e/Work/showdownbot/Pokemon-Showdown/.lib-dist/process-manager.js:137:9)
    at QueryProcessManager.releaseCrashed (/mnt/e/Work/showdownbot/Pokemon-Showdown/.lib-dist/process-manager.js:394:16)
    at ChildProcess.<anonymous> (/mnt/e/Work/showdownbot/Pokemon-Showdown/.lib-dist/process-manager.js:441:48)
    at ChildProcess.emit (events.js:315:20)
    at ChildProcess.EventEmitter.emit (domain.js:482:12)
    at finish (internal/child_process.js:861:14)
    at processTicksAndRejections (internal/process/task_queues.js:79:11)

Error [ERR_IPC_DISCONNECTED]: IPC channel is already disconnected
    at ChildProcess.target.disconnect (internal/child_process.js:832:26)
    at QueryProcessWrapper.destroy (/mnt/e/Work/showdownbot/Pokemon-Showdown/.lib-dist/process-manager.js:151:16)
    at QueryProcessWrapper.release (/mnt/e/Work/showdownbot/Pokemon-Showdown/.lib-dist/process-manager.js:137:9)
    at QueryProcessManager.releaseCrashed (/mnt/e/Work/showdownbot/Pokemon-Showdown/.lib-dist/process-manager.js:394:16)
    at ChildProcess.<anonymous> (/mnt/e/Work/showdownbot/Pokemon-Showdown/.lib-dist/process-manager.js:441:48)
    at ChildProcess.emit (events.js:315:20)
    at ChildProcess.EventEmitter.emit (domain.js:482:12)
    at finish (internal/child_process.js:861:14)
    at processTicksAndRejections (internal/process/task_queues.js:79:11)

Error [ERR_IPC_DISCONNECTED]: IPC channel is already disconnected
    at ChildProcess.target.disconnect (internal/child_process.js:832:26)
    at QueryProcessWrapper.destroy (/mnt/e/Work/showdownbot/Pokemon-Showdown/.lib-dist/process-manager.js:151:16)
    at QueryProcessWrapper.release (/mnt/e/Work/showdownbot/Pokemon-Showdown/.lib-dist/process-manager.js:137:9)
    at QueryProcessManager.releaseCrashed (/mnt/e/Work/showdownbot/Pokemon-Showdown/.lib-dist/process-manager.js:394:16)
    at ChildProcess.<anonymous> (/mnt/e/Work/showdownbot/Pokemon-Showdown/.lib-dist/process-manager.js:441:48)
    at ChildProcess.emit (events.js:315:20)
    at ChildProcess.EventEmitter.emit (domain.js:482:12)
    at finish (internal/child_process.js:861:14)
    at processTicksAndRejections (internal/process/task_queues.js:79:11)

Error [ERR_IPC_DISCONNECTED]: IPC channel is already disconnected
    at ChildProcess.target.disconnect (internal/child_process.js:832:26)
    at QueryProcessWrapper.destroy (/mnt/e/Work/showdownbot/Pokemon-Showdown/.lib-dist/process-manager.js:151:16)
    at QueryProcessWrapper.release (/mnt/e/Work/showdownbot/Pokemon-Showdown/.lib-dist/process-manager.js:137:9)
    at QueryProcessManager.releaseCrashed (/mnt/e/Work/showdownbot/Pokemon-Showdown/.lib-dist/process-manager.js:394:16)
    at ChildProcess.<anonymous> (/mnt/e/Work/showdownbot/Pokemon-Showdown/.lib-dist/process-manager.js:441:48)
    at ChildProcess.emit (events.js:315:20)
    at ChildProcess.EventEmitter.emit (domain.js:482:12)
    at finish (internal/child_process.js:861:14)
    at processTicksAndRejections (internal/process/task_queues.js:79:11)

Error [ERR_IPC_DISCONNECTED]: IPC channel is already disconnected
    at ChildProcess.target.disconnect (internal/child_process.js:832:26)
    at QueryProcessWrapper.destroy (/mnt/e/Work/showdownbot/Pokemon-Showdown/.lib-dist/process-manager.js:151:16)
    at QueryProcessWrapper.release (/mnt/e/Work/showdownbot/Pokemon-Showdown/.lib-dist/process-manager.js:137:9)
    at QueryProcessManager.releaseCrashed (/mnt/e/Work/showdownbot/Pokemon-Showdown/.lib-dist/process-manager.js:394:16)
    at ChildProcess.<anonymous> (/mnt/e/Work/showdownbot/Pokemon-Showdown/.lib-dist/process-manager.js:441:48)
    at ChildProcess.emit (events.js:315:20)
    at ChildProcess.EventEmitter.emit (domain.js:482:12)
    at finish (internal/child_process.js:861:14)
    at processTicksAndRejections (internal/process/task_queues.js:79:11)

Error [ERR_IPC_DISCONNECTED]: IPC channel is already disconnected
    at ChildProcess.target.disconnect (internal/child_process.js:832:26)
    at QueryProcessWrapper.destroy (/mnt/e/Work/showdownbot/Pokemon-Showdown/.lib-dist/process-manager.js:151:16)
    at QueryProcessWrapper.release (/mnt/e/Work/showdownbot/Pokemon-Showdown/.lib-dist/process-manager.js:137:9)
    at QueryProcessManager.releaseCrashed (/mnt/e/Work/showdownbot/Pokemon-Showdown/.lib-dist/process-manager.js:394:16)
    at ChildProcess.<anonymous> (/mnt/e/Work/showdownbot/Pokemon-Showdown/.lib-dist/process-manager.js:441:48)
    at ChildProcess.emit (events.js:315:20)
    at ChildProcess.EventEmitter.emit (domain.js:482:12)
    at finish (internal/child_process.js:861:14)
    at processTicksAndRejections (internal/process/task_queues.js:79:11)

Error [ERR_IPC_DISCONNECTED]: IPC channel is already disconnected
    at ChildProcess.target.disconnect (internal/child_process.js:832:26)
    at QueryProcessWrapper.destroy (/mnt/e/Work/showdownbot/Pokemon-Showdown/.lib-dist/process-manager.js:151:16)
    at QueryProcessWrapper.release (/mnt/e/Work/showdownbot/Pokemon-Showdown/.lib-dist/process-manager.js:137:9)
    at QueryProcessManager.releaseCrashed (/mnt/e/Work/showdownbot/Pokemon-Showdown/.lib-dist/process-manager.js:394:16)
    at ChildProcess.<anonymous> (/mnt/e/Work/showdownbot/Pokemon-Showdown/.lib-dist/process-manager.js:441:48)
    at ChildProcess.emit (events.js:315:20)
    at ChildProcess.EventEmitter.emit (domain.js:482:12)
    at finish (internal/child_process.js:861:14)
    at processTicksAndRejections (internal/process/task_queues.js:79:11)

Error [ERR_IPC_DISCONNECTED]: IPC channel is already disconnected
    at ChildProcess.target.disconnect (internal/child_process.js:832:26)
    at QueryProcessWrapper.destroy (/mnt/e/Work/showdownbot/Pokemon-Showdown/.lib-dist/process-manager.js:151:16)
    at QueryProcessWrapper.release (/mnt/e/Work/showdownbot/Pokemon-Showdown/.lib-dist/process-manager.js:137:9)
    at QueryProcessManager.releaseCrashed (/mnt/e/Work/showdownbot/Pokemon-Showdown/.lib-dist/process-manager.js:394:16)
    at ChildProcess.<anonymous> (/mnt/e/Work/showdownbot/Pokemon-Showdown/.lib-dist/process-manager.js:441:48)
    at ChildProcess.emit (events.js:315:20)
    at ChildProcess.EventEmitter.emit (domain.js:482:12)
    at finish (internal/child_process.js:861:14)
    at processTicksAndRejections (internal/process/task_queues.js:79:11)

Error [ERR_IPC_DISCONNECTED]: IPC channel is already disconnected
    at ChildProcess.target.disconnect (internal/child_process.js:832:26)
    at QueryProcessWrapper.destroy (/mnt/e/Work/showdownbot/Pokemon-Showdown/.lib-dist/process-manager.js:151:16)
    at QueryProcessWrapper.release (/mnt/e/Work/showdownbot/Pokemon-Showdown/.lib-dist/process-manager.js:137:9)
    at QueryProcessManager.releaseCrashed (/mnt/e/Work/showdownbot/Pokemon-Showdown/.lib-dist/process-manager.js:394:16)
    at ChildProcess.<anonymous> (/mnt/e/Work/showdownbot/Pokemon-Showdown/.lib-dist/process-manager.js:441:48)
    at ChildProcess.emit (events.js:315:20)
    at ChildProcess.EventEmitter.emit (domain.js:482:12)
    at finish (internal/child_process.js:861:14)
    at processTicksAndRejections (internal/process/task_queues.js:79:11)

Error [ERR_IPC_DISCONNECTED]: IPC channel is already disconnected
    at ChildProcess.target.disconnect (internal/child_process.js:832:26)
    at QueryProcessWrapper.destroy (/mnt/e/Work/showdownbot/Pokemon-Showdown/.lib-dist/process-manager.js:151:16)
    at QueryProcessWrapper.release (/mnt/e/Work/showdownbot/Pokemon-Showdown/.lib-dist/process-manager.js:137:9)
    at QueryProcessManager.releaseCrashed (/mnt/e/Work/showdownbot/Pokemon-Showdown/.lib-dist/process-manager.js:394:16)
    at ChildProcess.<anonymous> (/mnt/e/Work/showdownbot/Pokemon-Showdown/.lib-dist/process-manager.js:441:48)
    at ChildProcess.emit (events.js:315:20)
    at ChildProcess.EventEmitter.emit (domain.js:482:12)
    at finish (internal/child_process.js:861:14)
    at processTicksAndRejections (internal/process/task_queues.js:79:11)

Error [ERR_IPC_DISCONNECTED]: IPC channel is already disconnected
    at ChildProcess.target.disconnect (internal/child_process.js:832:26)
    at QueryProcessWrapper.destroy (/mnt/e/Work/showdownbot/Pokemon-Showdown/.lib-dist/process-manager.js:151:16)
    at QueryProcessWrapper.release (/mnt/e/Work/showdownbot/Pokemon-Showdown/.lib-dist/process-manager.js:137:9)
    at QueryProcessManager.releaseCrashed (/mnt/e/Work/showdownbot/Pokemon-Showdown/.lib-dist/process-manager.js:394:16)
    at ChildProcess.<anonymous> (/mnt/e/Work/showdownbot/Pokemon-Showdown/.lib-dist/process-manager.js:441:48)
    at ChildProcess.emit (events.js:315:20)
    at ChildProcess.EventEmitter.emit (domain.js:482:12)
    at finish (internal/child_process.js:861:14)
    at processTicksAndRejections (internal/process/task_queues.js:79:11)

Error [ERR_IPC_DISCONNECTED]: IPC channel is already disconnected
    at ChildProcess.target.disconnect (internal/child_process.js:832:26)
    at QueryProcessWrapper.destroy (/mnt/e/Work/showdownbot/Pokemon-Showdown/.lib-dist/process-manager.js:151:16)
    at QueryProcessWrapper.release (/mnt/e/Work/showdownbot/Pokemon-Showdown/.lib-dist/process-manager.js:137:9)
    at QueryProcessManager.releaseCrashed (/mnt/e/Work/showdownbot/Pokemon-Showdown/.lib-dist/process-manager.js:394:16)
    at ChildProcess.<anonymous> (/mnt/e/Work/showdownbot/Pokemon-Showdown/.lib-dist/process-manager.js:441:48)
    at ChildProcess.emit (events.js:315:20)
    at ChildProcess.EventEmitter.emit (domain.js:482:12)
    at finish (internal/child_process.js:861:14)
    at processTicksAndRejections (internal/process/task_queues.js:79:11)

Error [ERR_IPC_DISCONNECTED]: IPC channel is already disconnected
    at ChildProcess.target.disconnect (internal/child_process.js:832:26)
    at QueryProcessWrapper.destroy (/mnt/e/Work/showdownbot/Pokemon-Showdown/.lib-dist/process-manager.js:151:16)
    at QueryProcessWrapper.release (/mnt/e/Work/showdownbot/Pokemon-Showdown/.lib-dist/process-manager.js:137:9)
    at QueryProcessManager.releaseCrashed (/mnt/e/Work/showdownbot/Pokemon-Showdown/.lib-dist/process-manager.js:394:16)
    at ChildProcess.<anonymous> (/mnt/e/Work/showdownbot/Pokemon-Showdown/.lib-dist/process-manager.js:441:48)
    at ChildProcess.emit (events.js:315:20)
    at ChildProcess.EventEmitter.emit (domain.js:482:12)
    at finish (internal/child_process.js:861:14)
    at processTicksAndRejections (internal/process/task_queues.js:79:11)

Error [ERR_IPC_DISCONNECTED]: IPC channel is already disconnected
    at ChildProcess.target.disconnect (internal/child_process.js:832:26)
    at QueryProcessWrapper.destroy (/mnt/e/Work/showdownbot/Pokemon-Showdown/.lib-dist/process-manager.js:151:16)
    at QueryProcessWrapper.release (/mnt/e/Work/showdownbot/Pokemon-Showdown/.lib-dist/process-manager.js:137:9)
    at QueryProcessManager.releaseCrashed (/mnt/e/Work/showdownbot/Pokemon-Showdown/.lib-dist/process-manager.js:394:16)
    at ChildProcess.<anonymous> (/mnt/e/Work/showdownbot/Pokemon-Showdown/.lib-dist/process-manager.js:441:48)
    at ChildProcess.emit (events.js:315:20)
    at ChildProcess.EventEmitter.emit (domain.js:482:12)
    at finish (internal/child_process.js:861:14)
    at processTicksAndRejections (internal/process/task_queues.js:79:11)

Error [ERR_IPC_DISCONNECTED]: IPC channel is already disconnected
    at ChildProcess.target.disconnect (internal/child_process.js:832:26)
    at QueryProcessWrapper.destroy (/mnt/e/Work/showdownbot/Pokemon-Showdown/.lib-dist/process-manager.js:151:16)
    at QueryProcessWrapper.release (/mnt/e/Work/showdownbot/Pokemon-Showdown/.lib-dist/process-manager.js:137:9)
    at QueryProcessManager.releaseCrashed (/mnt/e/Work/showdownbot/Pokemon-Showdown/.lib-dist/process-manager.js:394:16)
    at ChildProcess.<anonymous> (/mnt/e/Work/showdownbot/Pokemon-Showdown/.lib-dist/process-manager.js:441:48)
    at ChildProcess.emit (events.js:315:20)
    at ChildProcess.EventEmitter.emit (domain.js:482:12)
    at finish (internal/child_process.js:861:14)
    at processTicksAndRejections (internal/process/task_queues.js:79:11)

Error [ERR_IPC_DISCONNECTED]: IPC channel is already disconnected
    at ChildProcess.target.disconnect (internal/child_process.js:832:26)
    at QueryProcessWrapper.destroy (/mnt/e/Work/showdownbot/Pokemon-Showdown/.lib-dist/process-manager.js:151:16)
    at QueryProcessWrapper.release (/mnt/e/Work/showdownbot/Pokemon-Showdown/.lib-dist/process-manager.js:137:9)
    at QueryProcessManager.releaseCrashed (/mnt/e/Work/showdownbot/Pokemon-Showdown/.lib-dist/process-manager.js:394:16)
    at ChildProcess.<anonymous> (/mnt/e/Work/showdownbot/Pokemon-Showdown/.lib-dist/process-manager.js:441:48)
    at ChildProcess.emit (events.js:315:20)
    at ChildProcess.EventEmitter.emit (domain.js:482:12)
    at finish (internal/child_process.js:861:14)
    at processTicksAndRejections (internal/process/task_queues.js:79:11)

Error [ERR_IPC_DISCONNECTED]: IPC channel is already disconnected
    at ChildProcess.target.disconnect (internal/child_process.js:832:26)
    at QueryProcessWrapper.destroy (/mnt/e/Work/showdownbot/Pokemon-Showdown/.lib-dist/process-manager.js:151:16)
    at QueryProcessWrapper.release (/mnt/e/Work/showdownbot/Pokemon-Showdown/.lib-dist/process-manager.js:137:9)
    at QueryProcessManager.releaseCrashed (/mnt/e/Work/showdownbot/Pokemon-Showdown/.lib-dist/process-manager.js:394:16)
    at ChildProcess.<anonymous> (/mnt/e/Work/showdownbot/Pokemon-Showdown/.lib-dist/process-manager.js:441:48)
    at ChildProcess.emit (events.js:315:20)
    at ChildProcess.EventEmitter.emit (domain.js:482:12)
    at finish (internal/child_process.js:861:14)
    at processTicksAndRejections (internal/process/task_queues.js:79:11)

Error [ERR_IPC_DISCONNECTED]: IPC channel is already disconnected
    at ChildProcess.target.disconnect (internal/child_process.js:832:26)
    at QueryProcessWrapper.destroy (/mnt/e/Work/showdownbot/Pokemon-Showdown/.lib-dist/process-manager.js:151:16)
    at QueryProcessWrapper.release (/mnt/e/Work/showdownbot/Pokemon-Showdown/.lib-dist/process-manager.js:137:9)
    at QueryProcessManager.releaseCrashed (/mnt/e/Work/showdownbot/Pokemon-Showdown/.lib-dist/process-manager.js:394:16)
    at ChildProcess.<anonymous> (/mnt/e/Work/showdownbot/Pokemon-Showdown/.lib-dist/process-manager.js:441:48)
    at ChildProcess.emit (events.js:315:20)
    at ChildProcess.EventEmitter.emit (domain.js:482:12)
    at finish (internal/child_process.js:861:14)
    at processTicksAndRejections (internal/process/task_queues.js:79:11)

Error [ERR_IPC_DISCONNECTED]: IPC channel is already disconnected
    at ChildProcess.target.disconnect (internal/child_process.js:832:26)
    at QueryProcessWrapper.destroy (/mnt/e/Work/showdownbot/Pokemon-Showdown/.lib-dist/process-manager.js:151:16)
    at QueryProcessWrapper.release (/mnt/e/Work/showdownbot/Pokemon-Showdown/.lib-dist/process-manager.js:137:9)
    at QueryProcessManager.releaseCrashed (/mnt/e/Work/showdownbot/Pokemon-Showdown/.lib-dist/process-manager.js:394:16)
    at ChildProcess.<anonymous> (/mnt/e/Work/showdownbot/Pokemon-Showdown/.lib-dist/process-manager.js:441:48)
    at ChildProcess.emit (events.js:315:20)
    at ChildProcess.EventEmitter.emit (domain.js:482:12)
    at finish (internal/child_process.js:861:14)
    at processTicksAndRejections (internal/process/task_queues.js:79:11)

Error [ERR_IPC_DISCONNECTED]: IPC channel is already disconnected
    at ChildProcess.target.disconnect (internal/child_process.js:832:26)
    at QueryProcessWrapper.destroy (/mnt/e/Work/showdownbot/Pokemon-Showdown/.lib-dist/process-manager.js:151:16)
    at QueryProcessWrapper.release (/mnt/e/Work/showdownbot/Pokemon-Showdown/.lib-dist/process-manager.js:137:9)
    at QueryProcessManager.releaseCrashed (/mnt/e/Work/showdownbot/Pokemon-Showdown/.lib-dist/process-manager.js:394:16)
    at ChildProcess.<anonymous> (/mnt/e/Work/showdownbot/Pokemon-Showdown/.lib-dist/process-manager.js:441:48)
    at ChildProcess.emit (events.js:315:20)
    at ChildProcess.EventEmitter.emit (domain.js:482:12)
    at finish (internal/child_process.js:861:14)
    at processTicksAndRejections (internal/process/task_queues.js:79:11)

Error [ERR_IPC_DISCONNECTED]: IPC channel is already disconnected
    at ChildProcess.target.disconnect (internal/child_process.js:832:26)
    at QueryProcessWrapper.destroy (/mnt/e/Work/showdownbot/Pokemon-Showdown/.lib-dist/process-manager.js:151:16)
    at QueryProcessWrapper.release (/mnt/e/Work/showdownbot/Pokemon-Showdown/.lib-dist/process-manager.js:137:9)
    at QueryProcessManager.releaseCrashed (/mnt/e/Work/showdownbot/Pokemon-Showdown/.lib-dist/process-manager.js:394:16)
    at ChildProcess.<anonymous> (/mnt/e/Work/showdownbot/Pokemon-Showdown/.lib-dist/process-manager.js:441:48)
    at ChildProcess.emit (events.js:315:20)
    at ChildProcess.EventEmitter.emit (domain.js:482:12)
    at finish (internal/child_process.js:861:14)
    at processTicksAndRejections (internal/process/task_queues.js:79:11)

Error [ERR_IPC_DISCONNECTED]: IPC channel is already disconnected
    at ChildProcess.target.disconnect (internal/child_process.js:832:26)
    at QueryProcessWrapper.destroy (/mnt/e/Work/showdownbot/Pokemon-Showdown/.lib-dist/process-manager.js:151:16)
    at QueryProcessWrapper.release (/mnt/e/Work/showdownbot/Pokemon-Showdown/.lib-dist/process-manager.js:137:9)
    at QueryProcessManager.releaseCrashed (/mnt/e/Work/showdownbot/Pokemon-Showdown/.lib-dist/process-manager.js:394:16)
    at ChildProcess.<anonymous> (/mnt/e/Work/showdownbot/Pokemon-Showdown/.lib-dist/process-manager.js:441:48)
    at ChildProcess.emit (events.js:315:20)
    at ChildProcess.EventEmitter.emit (domain.js:482:12)
    at finish (internal/child_process.js:861:14)
    at processTicksAndRejections (internal/process/task_queues.js:79:11)
